B:\Proyectos WEB\ABM_Aplication\ABM_aplication\src\main\java\com\ABM\aplication\repository\RoleRepository.java
B:\Proyectos WEB\ABM_Aplication\ABM_aplication\src\main\java\com\ABM\aplication\AbmAplicationApplication.java
B:\Proyectos WEB\ABM_Aplication\ABM_aplication\src\main\java\com\ABM\aplication\Exceptions\UsernameOrIdNotFound.java
B:\Proyectos WEB\ABM_Aplication\ABM_aplication\src\main\java\com\ABM\aplication\entity\Role.java
B:\Proyectos WEB\ABM_Aplication\ABM_aplication\src\main\java\com\ABM\aplication\MethodSecurityConfig.java
B:\Proyectos WEB\ABM_Aplication\ABM_aplication\src\main\java\com\ABM\aplication\service\UserService.java
B:\Proyectos WEB\ABM_Aplication\ABM_aplication\src\main\java\com\ABM\aplication\service\UserDetailsServiceImpl.java
B:\Proyectos WEB\ABM_Aplication\ABM_aplication\src\main\java\com\ABM\aplication\entity\User.java
B:\Proyectos WEB\ABM_Aplication\ABM_aplication\src\main\java\com\ABM\aplication\Exceptions\CustomeFieldValidationException.java
B:\Proyectos WEB\ABM_Aplication\ABM_aplication\src\main\java\com\ABM\aplication\WebSecurityConfig.java
B:\Proyectos WEB\ABM_Aplication\ABM_aplication\src\main\java\com\ABM\aplication\util\PassGenerator.java
B:\Proyectos WEB\ABM_Aplication\ABM_aplication\src\main\java\com\ABM\aplication\service\UserServicelmpl.java
B:\Proyectos WEB\ABM_Aplication\ABM_aplication\src\main\java\com\ABM\aplication\controller\UserController.java
B:\Proyectos WEB\ABM_Aplication\ABM_aplication\src\main\java\com\ABM\aplication\ServletInitializer.java
B:\Proyectos WEB\ABM_Aplication\ABM_aplication\src\main\java\com\ABM\aplication\dto\ChangePasswordForm.java
B:\Proyectos WEB\ABM_Aplication\ABM_aplication\src\main\java\com\ABM\aplication\repository\UserRepository.java
